// Jest Snapshot v1, https://goo.gl/fbAQLP

exports[`Textarea render with snapshot 1`] = `
<DocumentFragment>
  <textarea
    class="form__textarea"
    data-testid="textarea"
    rows="6"
  />
</DocumentFragment>
`;
