// Jest Snapshot v1, https://goo.gl/fbAQLP

exports[`Button render with snapshot 1`] = `
<DocumentFragment>
  <button
    class="form__button"
    data-testid="submit-button"
    type="submit"
  />
</DocumentFragment>
`;
