// Jest Snapshot v1, https://goo.gl/fbAQLP

exports[`Form render with snapshot 1`] = `
<DocumentFragment>
  <form
    class="form"
    data-testid="form"
  >
    <textarea
      class="form__textarea"
      data-testid="textarea"
      placeholder="Введите сообщение"
      rows="6"
    />
    <button
      class="form__button"
      data-testid="submit-button"
      disabled=""
      type="submit"
    >
      Отправить
    </button>
  </form>
</DocumentFragment>
`;
